Microchip MPLAB XC8 Compiler V1.45 ()

Linker command line:

-W-3 --edf=C:\Program Files (x86)\Microchip\xc8\v1.45\dat\en_msgs.txt -cs \
  -h+dist/default/production\DS1307_LCD_UART.X.production.sym \
  --cmf=dist/default/production\DS1307_LCD_UART.X.production.cmf -z \
  -Q18F4550 -oC:\Users\Cristian\AppData\Local\Temp\s4eg.2 \
  -Mdist/default/production/DS1307_LCD_UART.X.production.map -E1 -ver=XC8 \
  -ASTACK=060h-07ffh -pstack=STACK -ACODE=00h-07FFFh -ACONST=00h-07FFFh \
  -ASMALLCONST=0800h-08FFhx120 -AMEDIUMCONST=0800h-07FFFh -ACOMRAM=01h-05Fh \
  -AABS1=00h-07FFh -ABIGRAM=01h-07FFh -ARAM=060h-0FFh,0100h-01FFhx7 \
  -ABANK0=060h-0FFh -ABANK1=0100h-01FFh -ABANK2=0200h-02FFh \
  -ABANK3=0300h-03FFh -ABANK4=0400h-04FFh -ABANK5=0500h-05FFh \
  -ABANK6=0600h-06FFh -ABANK7=0700h-07FFh -ASFR=0F60h-0FFFh \
  -preset_vec=00h,intcode,intcodelo,powerup,init -pramtop=0800h \
  -psmallconst=SMALLCONST -pmediumconst=MEDIUMCONST -pconst=CONST \
  -AFARRAM=00h-00h -ACONFIG=0300000h-030000Dh -pconfig=CONFIG \
  -AIDLOC=0200000h-0200007h -pidloc=IDLOC -AEEDATA=0F00000h-0F000FFh \
  -peeprom_data=EEDATA \
  -prdata=COMRAM,nvrram=COMRAM,nvbit=COMRAM,rbss=COMRAM,rbit=COMRAM \
  -pfarbss=FARRAM,fardata=FARRAM,nvFARRAM=FARRAM \
  -pintsave_regs=BIGRAM,bigbss=BIGRAM,bigdata=BIGRAM -pbss=RAM \
  -pidata=CODE,irdata=CODE,ibigdata=CODE,ifardata=CODE -prparam=COMRAM \
  C:\Users\Cristian\AppData\Local\Temp\s4eg.obj \
  dist/default/production\DS1307_LCD_UART.X.production.obj 

Object code version is 3.11

Machine type is 18F4550

Call graph: (short form)




                Name                               Link     Load   Length Selector   Space Scale
C:\Users\Cristian\AppData\Local\Temp\s4eg.obj
                init                                  0        0        4        0       0
                idloc                            200000   200000        8   200000       0
                config                           300000   300000        E   300000       0
dist/default/production\DS1307_LCD_UART.X.production.obj
                smallconst                          800      800       92      400       0
                text24                             1544     1544       26      449       0
                text23                             12B2     12B2       62      449       0
                text22                             1418     1418       4A      449       0
                text21                             14A6     14A6       3E      449       0
                text20                              CAA      CAA       F8      449       0
                text19                              DA2      DA2       F0      449       0
                text18                             1156     1156       7C      449       0
                text17                             15B4     15B4       12      449       0
                text16                             13CA     13CA       4E      449       0
                text15                             1016     1016       B4      449       0
                text14                             1584     1584       1A      449       0
                text13                             15C6     15C6       10      449       0
                text12                             1462     1462       44      449       0
                text11                             1314     1314       5C      449       0
                text10                              892      892      314      449       0
                text9                               BA6      BA6      104      449       0
                text8                              14E4     14E4       34      449       0
                text7                              156A     156A       1A      449       0
                text6                              1370     1370       5A      449       0
                text5                              11D2     11D2       78      449       0
                text4                              124A     124A       68      449       0
                text3                              10CA     10CA       8C      449       0
                text2                              1518     1518       2C      449       0
                text1                               F5C      F5C       BA      449       0
                text0                               E92      E92       CA      449       0
                cstackCOMRAM                          1        1       24        1       1
                bssCOMRAM                            25       25       21        1       1
                cinit                              159E     159E       16      449       0

TOTAL           Name                               Link     Load   Length     Space
        CLASS   STACK          

        CLASS   CODE           
                init                                  0        0        4         0
                text24                             1544     1544       26         0
                text23                             12B2     12B2       62         0
                text22                             1418     1418       4A         0
                text21                             14A6     14A6       3E         0
                text20                              CAA      CAA       F8         0
                text19                              DA2      DA2       F0         0
                text18                             1156     1156       7C         0
                text17                             15B4     15B4       12         0
                text16                             13CA     13CA       4E         0
                text15                             1016     1016       B4         0
                text14                             1584     1584       1A         0
                text13                             15C6     15C6       10         0
                text12                             1462     1462       44         0
                text11                             1314     1314       5C         0
                text10                              892      892      314         0
                text9                               BA6      BA6      104         0
                text8                              14E4     14E4       34         0
                text7                              156A     156A       1A         0
                text6                              1370     1370       5A         0
                text5                              11D2     11D2       78         0
                text4                              124A     124A       68         0
                text3                              10CA     10CA       8C         0
                text2                              1518     1518       2C         0
                text1                               F5C      F5C       BA         0
                text0                               E92      E92       CA         0
                cinit                              159E     159E       16         0

        CLASS   CONST          

        CLASS   SMALLCONST     
                smallconst                          800      800       92         0

        CLASS   MEDIUMCONST    

        CLASS   COMRAM         
                cstackCOMRAM                          1        1       24         1
                bssCOMRAM                            25       25       21         1

        CLASS   ABS1           

        CLASS   BIGRAM         

        CLASS   RAM            

        CLASS   BANK0          

        CLASS   BANK1          

        CLASS   BANK2          

        CLASS   BANK3          

        CLASS   BANK4          

        CLASS   BANK5          

        CLASS   BANK6          

        CLASS   BANK7          

        CLASS   SFR            

        CLASS   FARRAM         

        CLASS   CONFIG         
                config                           300000   300000        E         0

        CLASS   IDLOC          
                idloc                            200000   200000        8         0

        CLASS   EEDATA         



SEGMENTS        Name                           Load    Length   Top    Selector   Space  Class

                reset_vec                      000000  000004  000004         0       0  CODE    
                cstackCOMRAM                   000001  000045  000046         1       1  COMRAM  
                smallconst                     000800  000092  000892       400       0  SMALLCON
                text10                         000892  000D44  0015D6       449       0  CODE    
                idloc                          200000  000008  200008    200000       0  IDLOC   
                config                         300000  00000E  30000E    300000       0  CONFIG  


UNUSED ADDRESS RANGES

        Name                Unused          Largest block    Delta
        BANK0            000060-0000FF               A0
        BANK1            000100-0001FF              100
        BANK2            000200-0002FF              100
        BANK3            000300-0003FF              100
        BANK4            000400-0004FF              100
        BANK5            000500-0005FF              100
        BANK6            000600-0006FF              100
        BANK7            000700-0007FF              100
        BIGRAM           000046-0007FF              7BA
        CODE             000004-0007FF              7FC
                         0015D6-007FFF             6A2A
        COMRAM           000046-00005F               1A
        CONST            000004-0007FF              7FC
                         0015D6-007FFF             6A2A
        EEDATA           F00000-F000FF              100
        MEDIUMCONST      0015D6-007FFF             6A2A
        RAM              000060-0007FF              100
        SFR              000F60-000FFF               A0
        SMALLCONST       0015D6-007FFF              100
        STACK            000060-0007FF              7A0

                                  Symbol Table

?_BCD2Dec                         cstackCOMRAM 000007
?_Dec2BCD                         cstackCOMRAM 000009
?___awdiv                         cstackCOMRAM 000001
?___awmod                         cstackCOMRAM 000001
?___lwdiv                         cstackCOMRAM 000001
?___lwmod                         cstackCOMRAM 000008
?___wmul                          cstackCOMRAM 000001
?_leer_DS1307                     cstackCOMRAM 000003
BCD2Dec@Temp_1                    cstackCOMRAM 00000C
BCD2Dec@Temp_2                    cstackCOMRAM 00000E
BCD2Dec@Temp_3                    cstackCOMRAM 000007
Dec2BCD@Temp_1                    cstackCOMRAM 00000D
Dec2BCD@Temp_2                    cstackCOMRAM 00000F
Dec2BCD@Temp_3                    cstackCOMRAM 000009
Lcd_Chr_CP@data                   cstackCOMRAM 000003
Lcd_Cmd@data                      cstackCOMRAM 000003
Lcd_Init@data                     cstackCOMRAM 000005
Lcd_Out2@buffer                   cstackCOMRAM 000005
Lcd_Out2@data                     cstackCOMRAM 000008
Lcd_Out2@x                        cstackCOMRAM 000004
Lcd_Out2@y                        cstackCOMRAM 000007
OpenI2C@slew                      cstackCOMRAM 000001
OpenI2C@sync_mode                 cstackCOMRAM 000002
OpenUSART@config                  cstackCOMRAM 000003
OpenUSART@spbrg                   cstackCOMRAM 000001
PL10                              text1        00100C
PL12                              text19       000E38
PL14                              text20       000D48
PL16                              text20       000D60
PL18                              text20       000D6A
PL2                               text10       000B5C
PL20                              text18       0011B8
PL22                              text19       000E50
PL24                              text20       000D78
PL26                              text19       000E5A
PL28                              text19       000E68
PL30                              text0        000F50
PL32                              text10       000B76
PL34                              text20       000D86
PL36                              text19       000E76
PL38                              text3        001146
PL4                               text15       0010BE
PL40                              text20       000D98
PL42                              text19       000E88
PL44                              text18       0011C4
PL46                              text9        000C96
PL48                              text9        000CA0
PL50                              text10       000B7E
PL52                              text10       000B8A
PL54                              text10       000B94
PL56                              text10       000B9E
PL6                               text1        001002
PL8                               text10       000B6C
WriteI2C@data_out                 cstackCOMRAM 000002
WriteUSART@data                   cstackCOMRAM 000001
_ADCON1                           (abs)        000FC1
_BCD2Dec                          text23       0012B2
_CMCON                            (abs)        000FB4
_DS1307                           text10       000892
_Date                             bssCOMRAM    000029
_Day                              bssCOMRAM    00002B
_Dec2BCD                          text3        0010CA
_Hours                            bssCOMRAM    00002D
_IdleI2C                          text13       0015C6
_Lcd_Chr_CP                       text20       000CAA
_Lcd_Cmd                          text19       000DA2
_Lcd_Init                         text9        000BA6
_Lcd_Out2                         text18       001156
_Leer_Pulsador                    text8        0014E4
_Menu                             bssCOMRAM    000035
_Minutes                          bssCOMRAM    00002F
_Month                            bssCOMRAM    000027
_OpenI2C                          text7        00156A
_OpenUSART                        text6        001370
_PIE1bits                         (abs)        000F9D
_PIR1bits                         (abs)        000F9E
_PORTDbits                        (abs)        000F83
_RCSTA                            (abs)        000FAB
_RCSTAbits                        (abs)        000FAB
_ReadI2C                          text14       001584
_SPBRG                            (abs)        000FAF
_SPBRGH                           (abs)        000FB0
_SSPADD                           (abs)        000FC8
_SSPBUF                           (abs)        000FC9
_SSPCON1                          (abs)        000FC6
_SSPCON1bits                      (abs)        000FC6
_SSPCON2                          (abs)        000FC5
_SSPCON2bits                      (abs)        000FC5
_SSPSTAT                          (abs)        000FC7
_SSPSTATbits                      (abs)        000FC7
_Salir                            bssCOMRAM    000033
_Seconds                          bssCOMRAM    000031
_TRISBbits                        (abs)        000F93
_TRISCbits                        (abs)        000F94
_TRISDbits                        (abs)        000F95
_TXREG                            (abs)        000FAD
_TXSTA                            (abs)        000FAC
_TXSTAbits                        (abs)        000FAC
_USART_Status                     bssCOMRAM    000039
_WriteI2C                         text12       001462
_WriteUSART                       text17       0015B4
_Year                             bssCOMRAM    000025
__CFG_BOR$ON                      (abs)        000000
__CFG_BORV$3                      (abs)        000000
__CFG_CCP2MX$OFF                  (abs)        000000
__CFG_CP0$OFF                     (abs)        000000
__CFG_CP1$OFF                     (abs)        000000
__CFG_CP2$OFF                     (abs)        000000
__CFG_CP3$OFF                     (abs)        000000
__CFG_CPB$OFF                     (abs)        000000
__CFG_CPD$OFF                     (abs)        000000
__CFG_CPUDIV$OSC1_PLL2            (abs)        000000
__CFG_EBTR0$OFF                   (abs)        000000
__CFG_EBTR1$OFF                   (abs)        000000
__CFG_EBTR2$OFF                   (abs)        000000
__CFG_EBTR3$OFF                   (abs)        000000
__CFG_EBTRB$OFF                   (abs)        000000
__CFG_FCMEN$OFF                   (abs)        000000
__CFG_FOSC$HS                     (abs)        000000
__CFG_ICPRT$OFF                   (abs)        000000
__CFG_IESO$OFF                    (abs)        000000
__CFG_LPT1OSC$OFF                 (abs)        000000
__CFG_LVP$OFF                     (abs)        000000
__CFG_MCLRE$ON                    (abs)        000000
__CFG_PBADEN$OFF                  (abs)        000000
__CFG_PLLDIV$4                    (abs)        000000
__CFG_PWRT$OFF                    (abs)        000000
__CFG_STVREN$ON                   (abs)        000000
__CFG_USBDIV$1                    (abs)        000000
__CFG_VREGEN$OFF                  (abs)        000000
__CFG_WDT$OFF                     (abs)        000000
__CFG_WDTPS$32768                 (abs)        000000
__CFG_WRT0$OFF                    (abs)        000000
__CFG_WRT1$OFF                    (abs)        000000
__CFG_WRT2$OFF                    (abs)        000000
__CFG_WRT3$OFF                    (abs)        000000
__CFG_WRTB$OFF                    (abs)        000000
__CFG_WRTC$OFF                    (abs)        000000
__CFG_WRTD$OFF                    (abs)        000000
__CFG_XINST$OFF                   (abs)        000000
__HRAM                            (abs)        000000
__Habs1                           abs1         000000
__Hbank0                          bank0        000000
__Hbank1                          bank1        000000
__Hbank2                          bank2        000000
__Hbank3                          bank3        000000
__Hbank4                          bank4        000000
__Hbank5                          bank5        000000
__Hbank6                          bank6        000000
__Hbank7                          bank7        000000
__Hbigbss                         bigbss       000000
__Hbigdata                        bigdata      000000
__Hbigram                         bigram       000000
__Hbss                            bss          000000
__HbssCOMRAM                      bssCOMRAM    000000
__Hcinit                          cinit        000000
__Hclrtext                        clrtext      000000
__Hcomram                         comram       000000
__Hconfig                         config       30000E
__Hconst                          const        000000
__HcstackCOMRAM                   cstackCOMRAM 000000
__Hdata                           data         000000
__Heeprom_data                    eeprom_data  000000
__Hfarbss                         farbss       000000
__Hfardata                        fardata      000000
__Hibigdata                       ibigdata     000000
__Hidata                          idata        000000
__Hidloc                          idloc        200008
__Hifardata                       ifardata     000000
__Hinit                           init         000004
__Hintcode                        intcode      000000
__Hintcode_body                   intcode_body 000000
__Hintcodelo                      intcodelo    000000
__Hintentry                       intentry     000000
__Hintret                         intret       000000
__Hintsave_regs                   intsave_regs 000000
__Hirdata                         irdata       000000
__Hmediumconst                    mediumconst  000000
__HnvFARRAM                       nvFARRAM     000000
__Hnvbit                          nvbit        000000
__Hnvrram                         nvrram       000000
__Hpa_nodes0                      pa_nodes0    000000
__Hparam                          rparam       000000
__Hpowerup                        powerup      000000
__Hram                            ram          000000
__Hramtop                         ramtop       000800
__Hrbit                           rbit         000000
__Hrbss                           rbss         000000
__Hrdata                          rdata        000000
__Hreset_vec                      reset_vec    000000
__Hrparam                         rparam       000000
__Hsfr                            sfr          000000
__Hsmallconst                     smallconst   000892
__Hspace_0                        (abs)        30000E
__Hspace_1                        (abs)        000046
__Hspace_2                        (abs)        000000
__Hstack                          stack        000000
__Hstruct                         struct       000000
__Htemp                           temp         000000
__Htext                           text         000000
__Htext0                          text0        000000
__Htext1                          text1        000000
__Htext10                         text10       000000
__Htext11                         text11       000000
__Htext12                         text12       000000
__Htext13                         text13       000000
__Htext14                         text14       000000
__Htext15                         text15       000000
__Htext16                         text16       000000
__Htext17                         text17       000000
__Htext18                         text18       000000
__Htext19                         text19       000000
__Htext2                          text2        000000
__Htext20                         text20       000000
__Htext21                         text21       000000
__Htext22                         text22       000000
__Htext23                         text23       000000
__Htext24                         text24       000000
__Htext3                          text3        000000
__Htext4                          text4        000000
__Htext5                          text5        000000
__Htext6                          text6        000000
__Htext7                          text7        000000
__Htext8                          text8        000000
__Htext9                          text9        000000
__LRAM                            (abs)        000001
__Labs1                           abs1         000000
__Lbank0                          bank0        000000
__Lbank1                          bank1        000000
__Lbank2                          bank2        000000
__Lbank3                          bank3        000000
__Lbank4                          bank4        000000
__Lbank5                          bank5        000000
__Lbank6                          bank6        000000
__Lbank7                          bank7        000000
__Lbigbss                         bigbss       000000
__Lbigdata                        bigdata      000000
__Lbigram                         bigram       000000
__Lbss                            bss          000000
__LbssCOMRAM                      bssCOMRAM    000000
__Lcinit                          cinit        000000
__Lclrtext                        clrtext      000000
__Lcomram                         comram       000000
__Lconfig                         config       300000
__Lconst                          const        000000
__LcstackCOMRAM                   cstackCOMRAM 000000
__Ldata                           data         000000
__Leeprom_data                    eeprom_data  000000
__Lfarbss                         farbss       000000
__Lfardata                        fardata      000000
__Libigdata                       ibigdata     000000
__Lidata                          idata        000000
__Lidloc                          idloc        200000
__Lifardata                       ifardata     000000
__Linit                           init         000000
__Lintcode                        intcode      000000
__Lintcode_body                   intcode_body 000000
__Lintcodelo                      intcodelo    000000
__Lintentry                       intentry     000000
__Lintret                         intret       000000
__Lintsave_regs                   intsave_regs 000000
__Lirdata                         irdata       000000
__Lmediumconst                    mediumconst  000000
__LnvFARRAM                       nvFARRAM     000000
__Lnvbit                          nvbit        000000
__Lnvrram                         nvrram       000000
__Lpa_nodes0                      pa_nodes0    000000
__Lparam                          rparam       000000
__Lpowerup                        powerup      000000
__Lram                            ram          000000
__Lramtop                         ramtop       000800
__Lrbit                           rbit         000000
__Lrbss                           rbss         000000
__Lrdata                          rdata        000000
__Lreset_vec                      reset_vec    000000
__Lrparam                         rparam       000000
__Lsfr                            sfr          000000
__Lsmallconst                     smallconst   000800
__Lspace_0                        (abs)        000000
__Lspace_1                        (abs)        000000
__Lspace_2                        (abs)        000000
__Lstack                          stack        000000
__Lstruct                         struct       000000
__Ltemp                           temp         000000
__Ltext                           text         000000
__Ltext0                          text0        000000
__Ltext1                          text1        000000
__Ltext10                         text10       000000
__Ltext11                         text11       000000
__Ltext12                         text12       000000
__Ltext13                         text13       000000
__Ltext14                         text14       000000
__Ltext15                         text15       000000
__Ltext16                         text16       000000
__Ltext17                         text17       000000
__Ltext18                         text18       000000
__Ltext19                         text19       000000
__Ltext2                          text2        000000
__Ltext20                         text20       000000
__Ltext21                         text21       000000
__Ltext22                         text22       000000
__Ltext23                         text23       000000
__Ltext24                         text24       000000
__Ltext3                          text3        000000
__Ltext4                          text4        000000
__Ltext5                          text5        000000
__Ltext6                          text6        000000
__Ltext7                          text7        000000
__Ltext8                          text8        000000
__Ltext9                          text9        000000
__S0                              (abs)        30000E
__S1                              (abs)        000046
__S2                              (abs)        000000
___awdiv                          text5        0011D2
___awdiv@counter                  cstackCOMRAM 000005
___awdiv@dividend                 cstackCOMRAM 000001
___awdiv@divisor                  cstackCOMRAM 000003
___awdiv@quotient                 cstackCOMRAM 000007
___awdiv@sign                     cstackCOMRAM 000006
___awmod                          text4        00124A
___awmod@counter                  cstackCOMRAM 000005
___awmod@dividend                 cstackCOMRAM 000001
___awmod@divisor                  cstackCOMRAM 000003
___awmod@sign                     cstackCOMRAM 000006
___inthi_sp                       stack        000000
___intlo_sp                       stack        000000
___lwdiv                          text22       001418
___lwdiv@counter                  cstackCOMRAM 000007
___lwdiv@dividend                 cstackCOMRAM 000001
___lwdiv@divisor                  cstackCOMRAM 000003
___lwdiv@quotient                 cstackCOMRAM 000005
___lwmod                          text21       0014A6
___lwmod@counter                  cstackCOMRAM 00000C
___lwmod@dividend                 cstackCOMRAM 000008
___lwmod@divisor                  cstackCOMRAM 00000A
___param_bank                     (abs)        000000
___rparam_used                    (abs)        000001
___sp                             stack        000000
___wmul                           text24       001544
___wmul@multiplicand              cstackCOMRAM 000003
___wmul@multiplier                cstackCOMRAM 000001
___wmul@product                   cstackCOMRAM 000005
__accesstop                       (abs)        000060
__activetblptr                    (abs)        000002
__end_ofPL10                      text1        001016
__end_ofPL12                      text19       000E50
__end_ofPL14                      text20       000D60
__end_ofPL16                      text20       000D6A
__end_ofPL18                      text20       000D78
__end_ofPL2                       text10       000B6C
__end_ofPL20                      text18       0011C4
__end_ofPL22                      text19       000E5A
__end_ofPL24                      text20       000D86
__end_ofPL26                      text19       000E68
__end_ofPL28                      text19       000E76
__end_ofPL30                      text0        000F5C
__end_ofPL32                      text10       000B7E
__end_ofPL34                      text20       000D98
__end_ofPL36                      text19       000E88
__end_ofPL38                      text3        001156
__end_ofPL4                       text15       0010CA
__end_ofPL40                      text20       000DA2
__end_ofPL42                      text19       000E92
__end_ofPL44                      text18       0011D2
__end_ofPL46                      text9        000CA0
__end_ofPL48                      text9        000CAA
__end_ofPL50                      text10       000B8A
__end_ofPL52                      text10       000B94
__end_ofPL54                      text10       000B9E
__end_ofPL56                      text10       000BA6
__end_ofPL6                       text1        00100C
__end_ofPL8                       text10       000B76
__end_of_BCD2Dec                  text23       001314
__end_of_Baud_USART               smallconst   000809
__end_of_Bit_Rate_I2C             smallconst   000805
__end_of_DS1307                   text10       000B5C
__end_of_Dec2BCD                  text3        001146
__end_of_IdleI2C                  text13       0015D6
__end_of_Lcd_Chr_CP               text20       000D48
__end_of_Lcd_Cmd                  text19       000E38
__end_of_Lcd_Init                 text9        000C96
__end_of_Lcd_Out2                 text18       0011B8
__end_of_Leer_Pulsador            text8        001518
__end_of_OpenI2C                  text7        001584
__end_of_OpenUSART                text6        0013CA
__end_of_ReadI2C                  text14       00159E
__end_of_WriteI2C                 text12       0014A6
__end_of_WriteUSART               text17       0015C6
__end_of___awdiv                  text5        00124A
__end_of___awmod                  text4        0012B2
__end_of___lwdiv                  text22       001462
__end_of___lwmod                  text21       0014E4
__end_of___wmul                   text24       00156A
__end_of__initialization          cinit        0015AA
__end_of_dia_semana               text15       0010BE
__end_of_escribir_DS1307          text2        001544
__end_of_leer_DS1307              text11       001370
__end_of_main                     text0        000F50
__end_of_putsUSART                text16       001418
__end_of_set_time_DS1307          text1        001002
__initialization                  cinit        00159E
__mediumconst                     mediumconst  000000
__pbssCOMRAM                      bssCOMRAM    000025
__pcinit                          cinit        00159E
__pcstackCOMRAM                   cstackCOMRAM 000001
__psmallconst                     smallconst   000800
__ptext0                          text0        000E92
__ptext1                          text1        000F5C
__ptext10                         text10       000892
__ptext11                         text11       001314
__ptext12                         text12       001462
__ptext13                         text13       0015C6
__ptext14                         text14       001584
__ptext15                         text15       001016
__ptext16                         text16       0013CA
__ptext17                         text17       0015B4
__ptext18                         text18       001156
__ptext19                         text19       000DA2
__ptext2                          text2        001518
__ptext20                         text20       000CAA
__ptext21                         text21       0014A6
__ptext22                         text22       001418
__ptext23                         text23       0012B2
__ptext24                         text24       001544
__ptext3                          text3        0010CA
__ptext4                          text4        00124A
__ptext5                          text5        0011D2
__ptext6                          text6        001370
__ptext7                          text7        00156A
__ptext8                          text8        0014E4
__ptext9                          text9        000BA6
__ramtop                          ramtop       000800
__size_of_BCD2Dec                 (abs)        000000
__size_of_DS1307                  (abs)        000000
__size_of_Dec2BCD                 (abs)        000000
__size_of_IdleI2C                 (abs)        000000
__size_of_Lcd_Chr_CP              (abs)        000000
__size_of_Lcd_Cmd                 (abs)        000000
__size_of_Lcd_Init                (abs)        000000
__size_of_Lcd_Out2                (abs)        000000
__size_of_Leer_Pulsador           (abs)        000000
__size_of_OpenI2C                 (abs)        000000
__size_of_OpenUSART               (abs)        000000
__size_of_ReadI2C                 (abs)        000000
__size_of_WriteI2C                (abs)        000000
__size_of_WriteUSART              (abs)        000000
__size_of___awdiv                 (abs)        000000
__size_of___awmod                 (abs)        000000
__size_of___lwdiv                 (abs)        000000
__size_of___lwmod                 (abs)        000000
__size_of___wmul                  (abs)        000000
__size_of_dia_semana              (abs)        000000
__size_of_escribir_DS1307         (abs)        000000
__size_of_leer_DS1307             (abs)        000000
__size_of_main                    (abs)        000000
__size_of_putsUSART               (abs)        000000
__size_of_set_time_DS1307         (abs)        000000
__smallconst                      smallconst   000800
_dia_semana                       text15       001016
_escribir_DS1307                  text2        001518
_leer_DS1307                      text11       001314
_main                             text0        000E92
_meridiano                        bssCOMRAM    000037
_putsUSART                        text16       0013CA
_set_time_DS1307                  text1        000F5C
_txt_DS1307                       bssCOMRAM    00003A
dia_semana@dia_semana             cstackCOMRAM 000009
end_of_initialization             cinit        0015AA
escribir_DS1307@dato              cstackCOMRAM 000015
escribir_DS1307@dirrecion_esclavo cstackCOMRAM 000011
escribir_DS1307@dirrecion_memoria cstackCOMRAM 000013
intlevel0                         text         000000
intlevel1                         text         000000
intlevel2                         text         000000
intlevel3                         text         000000
leer_DS1307@Data_DS1307           cstackCOMRAM 000007
leer_DS1307@dirrecion_esclavo     cstackCOMRAM 000003
leer_DS1307@dirrecion_memoria     cstackCOMRAM 000005
putsUSART@data                    cstackCOMRAM 000002
set_time_DS1307@set_anno          cstackCOMRAM 000023
set_time_DS1307@set_date          cstackCOMRAM 00001F
set_time_DS1307@set_dias          cstackCOMRAM 00001D
set_time_DS1307@set_horas         cstackCOMRAM 00001B
set_time_DS1307@set_mes           cstackCOMRAM 000021
set_time_DS1307@set_minutos       cstackCOMRAM 000019
set_time_DS1307@set_segundos      cstackCOMRAM 000017
stackhi                           (abs)        0007FF
stacklo                           (abs)        000060
start                             init         000000
start_initialization              cinit        00159E


FUNCTION INFORMATION:

 *************** function _main *****************
 Defined at:
		line 66 in file "main.c"
 Parameters:    Size  Location     Type
		None
 Auto vars:     Size  Location     Type
		None
 Return value:  Size  Location     Type
                  1    wreg      void 
 Registers used:
		wreg, fsr2l, fsr2h, status,2, status,0, tblptrl, tblptrh, tblptru, prodl, prodh, cstack
 Tracked objects:
		On entry : 
		On exit  : 
		Unchanged: 
 Data sizes:     COMRAM   BANK0   BANK1   BANK2   BANK3   BANK4   BANK5   BANK6   BANK7
      Params:         0       0       0       0       0       0       0       0       0
      Locals:         0       0       0       0       0       0       0       0       0
      Temps:          0       0       0       0       0       0       0       0       0
      Totals:         0       0       0       0       0       0       0       0       0
Total ram usage:        0 bytes
 Hardware stack levels required when called:    4
 This function calls:
		_DS1307
		_IdleI2C
		_Lcd_Cmd
		_Lcd_Init
		_Lcd_Out2
		_Leer_Pulsador
		_OpenI2C
		_OpenUSART
		_set_time_DS1307
 This function is called by:
		Startup code after reset
 This function uses a non-reentrant model


 *************** function _set_time_DS1307 *****************
 Defined at:
		line 136 in file "I2C_DS1307.h"
 Parameters:    Size  Location     Type
  set_segundos    2   22[COMRAM] unsigned short 
  set_minutos     2   24[COMRAM] unsigned short 
  set_horas       2   26[COMRAM] unsigned short 
  set_dias        2   28[COMRAM] unsigned short 
  set_date        2   30[COMRAM] unsigned short 
  set_mes         2   32[COMRAM] unsigned short 
  set_anno        2   34[COMRAM] unsigned short 
 Auto vars:     Size  Location     Type
		None
 Return value:  Size  Location     Type
                  1    wreg      void 
 Registers used:
		wreg, status,2, status,0, cstack
 Tracked objects:
		On entry : 
		On exit  : 
		Unchanged: 
 Data sizes:     COMRAM   BANK0   BANK1   BANK2   BANK3   BANK4   BANK5   BANK6   BANK7
      Params:        14       0       0       0       0       0       0       0       0
      Locals:         0       0       0       0       0       0       0       0       0
      Temps:          0       0       0       0       0       0       0       0       0
      Totals:        14       0       0       0       0       0       0       0       0
Total ram usage:       14 bytes
 Hardware stack levels used:    1
 Hardware stack levels required when called:    3
 This function calls:
		_Dec2BCD
		_escribir_DS1307
 This function is called by:
		_main
 This function uses a non-reentrant model


 *************** function _escribir_DS1307 *****************
 Defined at:
		line 66 in file "I2C_DS1307.h"
 Parameters:    Size  Location     Type
  dirrecion_es    2   16[COMRAM] unsigned short 
  dirrecion_me    2   18[COMRAM] unsigned short 
  dato            2   20[COMRAM] unsigned short 
 Auto vars:     Size  Location     Type
		None
 Return value:  Size  Location     Type
                  1    wreg      void 
 Registers used:
		wreg, status,2, status,0, cstack
 Tracked objects:
		On entry : 
		On exit  : 
		Unchanged: 
 Data sizes:     COMRAM   BANK0   BANK1   BANK2   BANK3   BANK4   BANK5   BANK6   BANK7
      Params:         6       0       0       0       0       0       0       0       0
      Locals:         0       0       0       0       0       0       0       0       0
      Temps:          0       0       0       0       0       0       0       0       0
      Totals:         6       0       0       0       0       0       0       0       0
Total ram usage:        6 bytes
 Hardware stack levels used:    1
 Hardware stack levels required when called:    2
 This function calls:
		_IdleI2C
		_WriteI2C
 This function is called by:
		_set_time_DS1307
 This function uses a non-reentrant model


 *************** function _Dec2BCD *****************
 Defined at:
		line 161 in file "I2C_DS1307.h"
 Parameters:    Size  Location     Type
  Temp_3          2    8[COMRAM] short 
 Auto vars:     Size  Location     Type
  Temp_2          2   14[COMRAM] short 
  Temp_1          2   12[COMRAM] short 
 Return value:  Size  Location     Type
                  2    8[COMRAM] unsigned short 
 Registers used:
		wreg, status,2, status,0, cstack
 Tracked objects:
		On entry : 
		On exit  : 
		Unchanged: 
 Data sizes:     COMRAM   BANK0   BANK1   BANK2   BANK3   BANK4   BANK5   BANK6   BANK7
      Params:         2       0       0       0       0       0       0       0       0
      Locals:         4       0       0       0       0       0       0       0       0
      Temps:          2       0       0       0       0       0       0       0       0
      Totals:         8       0       0       0       0       0       0       0       0
Total ram usage:        8 bytes
 Hardware stack levels used:    1
 Hardware stack levels required when called:    1
 This function calls:
		___awdiv
		___awmod
 This function is called by:
		_set_time_DS1307
 This function uses a non-reentrant model


 *************** function ___awmod *****************
 Defined at:
		line 8 in file "C:\Program Files (x86)\Microchip\xc8\v1.45\sources\common\awmod.c"
 Parameters:    Size  Location     Type
  dividend        2    0[COMRAM] int 
  divisor         2    2[COMRAM] int 
 Auto vars:     Size  Location     Type
  sign            1    5[COMRAM] unsigned char 
  counter         1    4[COMRAM] unsigned char 
 Return value:  Size  Location     Type
                  2    0[COMRAM] int 
 Registers used:
		wreg, status,2, status,0
 Tracked objects:
		On entry : 
		On exit  : 
		Unchanged: 
 Data sizes:     COMRAM   BANK0   BANK1   BANK2   BANK3   BANK4   BANK5   BANK6   BANK7
      Params:         4       0       0       0       0       0       0       0       0
      Locals:         2       0       0       0       0       0       0       0       0
      Temps:          0       0       0       0       0       0       0       0       0
      Totals:         6       0       0       0       0       0       0       0       0
Total ram usage:        6 bytes
 Hardware stack levels used:    1
 This function calls:
		Nothing
 This function is called by:
		_Dec2BCD
 This function uses a non-reentrant model


 *************** function ___awdiv *****************
 Defined at:
		line 8 in file "C:\Program Files (x86)\Microchip\xc8\v1.45\sources\common\awdiv.c"
 Parameters:    Size  Location     Type
  dividend        2    0[COMRAM] int 
  divisor         2    2[COMRAM] int 
 Auto vars:     Size  Location     Type
  quotient        2    6[COMRAM] int 
  sign            1    5[COMRAM] unsigned char 
  counter         1    4[COMRAM] unsigned char 
 Return value:  Size  Location     Type
                  2    0[COMRAM] int 
 Registers used:
		wreg, status,2, status,0
 Tracked objects:
		On entry : 
		On exit  : 
		Unchanged: 
 Data sizes:     COMRAM   BANK0   BANK1   BANK2   BANK3   BANK4   BANK5   BANK6   BANK7
      Params:         4       0       0       0       0       0       0       0       0
      Locals:         4       0       0       0       0       0       0       0       0
      Temps:          0       0       0       0       0       0       0       0       0
      Totals:         8       0       0       0       0       0       0       0       0
Total ram usage:        8 bytes
 Hardware stack levels used:    1
 This function calls:
		Nothing
 This function is called by:
		_Dec2BCD
 This function uses a non-reentrant model


 *************** function _OpenUSART *****************
 Defined at:
		line 73 in file "C:\Program Files (x86)\Microchip\xc8\v1.45\sources\pic18\plib\USART\uopen.c"
 Parameters:    Size  Location     Type
  config          1    wreg     unsigned char 
  spbrg           2    0[COMRAM] unsigned int 
 Auto vars:     Size  Location     Type
  config          1    2[COMRAM] unsigned char 
 Return value:  Size  Location     Type
                  1    wreg      void 
 Registers used:
		wreg
 Tracked objects:
		On entry : 
		On exit  : 
		Unchanged: 
 Data sizes:     COMRAM   BANK0   BANK1   BANK2   BANK3   BANK4   BANK5   BANK6   BANK7
      Params:         2       0       0       0       0       0       0       0       0
      Locals:         1       0       0       0       0       0       0       0       0
      Temps:          0       0       0       0       0       0       0       0       0
      Totals:         3       0       0       0       0       0       0       0       0
Total ram usage:        3 bytes
 Hardware stack levels used:    1
 This function calls:
		Nothing
 This function is called by:
		_main
 This function uses a non-reentrant model


 *************** function _OpenI2C *****************
 Defined at:
		line 14 in file "C:\Program Files (x86)\Microchip\xc8\v1.45\sources\pic18\plib\i2c\i2c_open.c"
 Parameters:    Size  Location     Type
  sync_mode       1    wreg     unsigned char 
  slew            1    0[COMRAM] unsigned char 
 Auto vars:     Size  Location     Type
  sync_mode       1    1[COMRAM] unsigned char 
 Return value:  Size  Location     Type
                  1    wreg      void 
 Registers used:
		wreg, status,2, status,0
 Tracked objects:
		On entry : 
		On exit  : 
		Unchanged: 
 Data sizes:     COMRAM   BANK0   BANK1   BANK2   BANK3   BANK4   BANK5   BANK6   BANK7
      Params:         1       0       0       0       0       0       0       0       0
      Locals:         1       0       0       0       0       0       0       0       0
      Temps:          0       0       0       0       0       0       0       0       0
      Totals:         2       0       0       0       0       0       0       0       0
Total ram usage:        2 bytes
 Hardware stack levels used:    1
 This function calls:
		Nothing
 This function is called by:
		_main
 This function uses a non-reentrant model


 *************** function _Leer_Pulsador *****************
 Defined at:
		line 115 in file "main.c"
 Parameters:    Size  Location     Type
		None
 Auto vars:     Size  Location     Type
		None
 Return value:  Size  Location     Type
                  1    wreg      void 
 Registers used:
		wreg, status,2, status,0, cstack
 Tracked objects:
		On entry : 
		On exit  : 
		Unchanged: 
 Data sizes:     COMRAM   BANK0   BANK1   BANK2   BANK3   BANK4   BANK5   BANK6   BANK7
      Params:         0       0       0       0       0       0       0       0       0
      Locals:         0       0       0       0       0       0       0       0       0
      Temps:          0       0       0       0       0       0       0       0       0
      Totals:         0       0       0       0       0       0       0       0       0
Total ram usage:        0 bytes
 Hardware stack levels used:    1
 Hardware stack levels required when called:    1
 This function calls:
		_Lcd_Cmd
 This function is called by:
		_main
 This function uses a non-reentrant model


 *************** function _Lcd_Init *****************
 Defined at:
		line 52 in file "flex_lcd.h"
 Parameters:    Size  Location     Type
		None
 Auto vars:     Size  Location     Type
  data            1    4[COMRAM] unsigned char 
 Return value:  Size  Location     Type
                  1    wreg      void 
 Registers used:
		wreg, status,2, status,0, cstack
 Tracked objects:
		On entry : 
		On exit  : 
		Unchanged: 
 Data sizes:     COMRAM   BANK0   BANK1   BANK2   BANK3   BANK4   BANK5   BANK6   BANK7
      Params:         0       0       0       0       0       0       0       0       0
      Locals:         1       0       0       0       0       0       0       0       0
      Temps:          1       0       0       0       0       0       0       0       0
      Totals:         2       0       0       0       0       0       0       0       0
Total ram usage:        2 bytes
 Hardware stack levels used:    1
 Hardware stack levels required when called:    1
 This function calls:
		_Lcd_Cmd
 This function is called by:
		_main
 This function uses a non-reentrant model


 *************** function _DS1307 *****************
 Defined at:
		line 4 in file "I2C_DS1307.h"
 Parameters:    Size  Location     Type
		None
 Auto vars:     Size  Location     Type
		None
 Return value:  Size  Location     Type
                  1    wreg      void 
 Registers used:
		wreg, fsr2l, fsr2h, status,2, status,0, tblptrl, tblptrh, tblptru, prodl, prodh, cstack
 Tracked objects:
		On entry : 
		On exit  : 
		Unchanged: 
 Data sizes:     COMRAM   BANK0   BANK1   BANK2   BANK3   BANK4   BANK5   BANK6   BANK7
      Params:         0       0       0       0       0       0       0       0       0
      Locals:         0       0       0       0       0       0       0       0       0
      Temps:          0       0       0       0       0       0       0       0       0
      Totals:         0       0       0       0       0       0       0       0       0
Total ram usage:        0 bytes
 Hardware stack levels used:    1
 Hardware stack levels required when called:    3
 This function calls:
		_BCD2Dec
		_Lcd_Out2
		___lwdiv
		___lwmod
		_dia_semana
		_leer_DS1307
		_putsUSART
 This function is called by:
		_main
 This function uses a non-reentrant model


 *************** function _leer_DS1307 *****************
 Defined at:
		line 79 in file "I2C_DS1307.h"
 Parameters:    Size  Location     Type
  dirrecion_es    2    2[COMRAM] unsigned short 
  dirrecion_me    2    4[COMRAM] unsigned short 
 Auto vars:     Size  Location     Type
  Data_DS1307     1    6[COMRAM] unsigned char 
 Return value:  Size  Location     Type
                  2    2[COMRAM] unsigned short 
 Registers used:
		wreg, status,2, status,0, cstack
 Tracked objects:
		On entry : 
		On exit  : 
		Unchanged: 
 Data sizes:     COMRAM   BANK0   BANK1   BANK2   BANK3   BANK4   BANK5   BANK6   BANK7
      Params:         4       0       0       0       0       0       0       0       0
      Locals:         1       0       0       0       0       0       0       0       0
      Temps:          0       0       0       0       0       0       0       0       0
      Totals:         5       0       0       0       0       0       0       0       0
Total ram usage:        5 bytes
 Hardware stack levels used:    1
 Hardware stack levels required when called:    2
 This function calls:
		_IdleI2C
		_ReadI2C
		_WriteI2C
 This function is called by:
		_DS1307
 This function uses a non-reentrant model


 *************** function _WriteI2C *****************
 Defined at:
		line 12 in file "C:\Program Files (x86)\Microchip\xc8\v1.45\sources\pic18\plib\i2c\i2c_writ.c"
 Parameters:    Size  Location     Type
  data_out        1    wreg     unsigned char 
 Auto vars:     Size  Location     Type
  data_out        1    1[COMRAM] unsigned char 
 Return value:  Size  Location     Type
                  1    wreg      char 
 Registers used:
		wreg, status,2, status,0, cstack
 Tracked objects:
		On entry : 
		On exit  : 
		Unchanged: 
 Data sizes:     COMRAM   BANK0   BANK1   BANK2   BANK3   BANK4   BANK5   BANK6   BANK7
      Params:         0       0       0       0       0       0       0       0       0
      Locals:         1       0       0       0       0       0       0       0       0
      Temps:          0       0       0       0       0       0       0       0       0
      Totals:         1       0       0       0       0       0       0       0       0
Total ram usage:        1 bytes
 Hardware stack levels used:    1
 Hardware stack levels required when called:    1
 This function calls:
		_IdleI2C
 This function is called by:
		_escribir_DS1307
		_leer_DS1307
 This function uses a non-reentrant model


 *************** function _IdleI2C *****************
 Defined at:
		line 24 in file "C:\Program Files (x86)\Microchip\xc8\v1.45\sources\pic18\plib\i2c\i2c_idle.c"
 Parameters:    Size  Location     Type
		None
 Auto vars:     Size  Location     Type
		None
 Return value:  Size  Location     Type
                  1    wreg      void 
 Registers used:
		wreg, status,2, status,0
 Tracked objects:
		On entry : 
		On exit  : 
		Unchanged: 
 Data sizes:     COMRAM   BANK0   BANK1   BANK2   BANK3   BANK4   BANK5   BANK6   BANK7
      Params:         0       0       0       0       0       0       0       0       0
      Locals:         0       0       0       0       0       0       0       0       0
      Temps:          1       0       0       0       0       0       0       0       0
      Totals:         1       0       0       0       0       0       0       0       0
Total ram usage:        1 bytes
 Hardware stack levels used:    1
 This function calls:
		Nothing
 This function is called by:
		_escribir_DS1307
		_leer_DS1307
		_main
		_WriteI2C
 This function uses a non-reentrant model


 *************** function _ReadI2C *****************
 Defined at:
		line 11 in file "C:\Program Files (x86)\Microchip\xc8\v1.45\sources\pic18\plib\i2c\i2c_read.c"
 Parameters:    Size  Location     Type
		None
 Auto vars:     Size  Location     Type
		None
 Return value:  Size  Location     Type
                  1    wreg      unsigned char 
 Registers used:
		wreg, status,2, status,0
 Tracked objects:
		On entry : 
		On exit  : 
		Unchanged: 
 Data sizes:     COMRAM   BANK0   BANK1   BANK2   BANK3   BANK4   BANK5   BANK6   BANK7
      Params:         0       0       0       0       0       0       0       0       0
      Locals:         0       0       0       0       0       0       0       0       0
      Temps:          0       0       0       0       0       0       0       0       0
      Totals:         0       0       0       0       0       0       0       0       0
Total ram usage:        0 bytes
 Hardware stack levels used:    1
 This function calls:
		Nothing
 This function is called by:
		_leer_DS1307
 This function uses a non-reentrant model


 *************** function _dia_semana *****************
 Defined at:
		line 103 in file "I2C_DS1307.h"
 Parameters:    Size  Location     Type
  dia_semana      2    8[COMRAM] unsigned short 
 Auto vars:     Size  Location     Type
		None
 Return value:  Size  Location     Type
                  1    wreg      void 
 Registers used:
		wreg, fsr2l, fsr2h, status,2, status,0, tblptrl, tblptrh, tblptru, cstack
 Tracked objects:
		On entry : 
		On exit  : 
		Unchanged: 
 Data sizes:     COMRAM   BANK0   BANK1   BANK2   BANK3   BANK4   BANK5   BANK6   BANK7
      Params:         2       0       0       0       0       0       0       0       0
      Locals:         0       0       0       0       0       0       0       0       0
      Temps:          2       0       0       0       0       0       0       0       0
      Totals:         4       0       0       0       0       0       0       0       0
Total ram usage:        4 bytes
 Hardware stack levels used:    1
 Hardware stack levels required when called:    2
 This function calls:
		_Lcd_Out2
		_putsUSART
 This function is called by:
		_DS1307
 This function uses a non-reentrant model


 *************** function _putsUSART *****************
 Defined at:
		line 14 in file "C:\Program Files (x86)\Microchip\xc8\v1.45\sources\pic18\plib\USART\uputs.c"
 Parameters:    Size  Location     Type
  data            2    1[COMRAM] PTR unsigned char 
		 -> NULL(0), STR_18(8), STR_16(9), STR_14(8), 
		 -> STR_12(11), STR_10(8), STR_8(7), STR_6(9), 
		 -> STR_5(3), STR_4(3), txt_DS1307(12), STR_3(4), 
		 -> STR_2(4), STR_1(4), 
 Auto vars:     Size  Location     Type
		None
 Return value:  Size  Location     Type
                  1    wreg      void 
 Registers used:
		wreg, fsr2l, fsr2h, status,2, status,0, tblptrl, tblptrh, tblptru, cstack
 Tracked objects:
		On entry : 
		On exit  : 
		Unchanged: 
 Data sizes:     COMRAM   BANK0   BANK1   BANK2   BANK3   BANK4   BANK5   BANK6   BANK7
      Params:         2       0       0       0       0       0       0       0       0
      Locals:         0       0       0       0       0       0       0       0       0
      Temps:          2       0       0       0       0       0       0       0       0
      Totals:         4       0       0       0       0       0       0       0       0
Total ram usage:        4 bytes
 Hardware stack levels used:    1
 Hardware stack levels required when called:    1
 This function calls:
		_WriteUSART
 This function is called by:
		_DS1307
		_dia_semana
 This function uses a non-reentrant model


 *************** function _WriteUSART *****************
 Defined at:
		line 13 in file "C:\Program Files (x86)\Microchip\xc8\v1.45\sources\pic18\plib\USART\uwrite.c"
 Parameters:    Size  Location     Type
  data            1    wreg     unsigned char 
 Auto vars:     Size  Location     Type
  data            1    0[COMRAM] unsigned char 
 Return value:  Size  Location     Type
                  1    wreg      void 
 Registers used:
		wreg
 Tracked objects:
		On entry : 
		On exit  : 
		Unchanged: 
 Data sizes:     COMRAM   BANK0   BANK1   BANK2   BANK3   BANK4   BANK5   BANK6   BANK7
      Params:         0       0       0       0       0       0       0       0       0
      Locals:         1       0       0       0       0       0       0       0       0
      Temps:          0       0       0       0       0       0       0       0       0
      Totals:         1       0       0       0       0       0       0       0       0
Total ram usage:        1 bytes
 Hardware stack levels used:    1
 This function calls:
		Nothing
 This function is called by:
		_putsUSART
 This function uses a non-reentrant model


 *************** function _Lcd_Out2 *****************
 Defined at:
		line 115 in file "flex_lcd.h"
 Parameters:    Size  Location     Type
  y               1    wreg     unsigned char 
  x               1    3[COMRAM] unsigned char 
  buffer          2    4[COMRAM] PTR unsigned char 
		 -> NULL(0), STR_22(5), STR_21(16), STR_20(15), 
		 -> STR_19(4), STR_17(4), STR_15(4), STR_13(4), 
		 -> STR_11(4), STR_9(4), STR_7(4), txt_DS1307(12), 
		 -> STR_3(4), STR_2(4), STR_1(4), 
 Auto vars:     Size  Location     Type
  y               1    6[COMRAM] unsigned char 
  data            1    7[COMRAM] unsigned char 
 Return value:  Size  Location     Type
                  1    wreg      void 
 Registers used:
		wreg, fsr2l, fsr2h, status,2, status,0, tblptrl, tblptrh, tblptru, cstack
 Tracked objects:
		On entry : 
		On exit  : 
		Unchanged: 
 Data sizes:     COMRAM   BANK0   BANK1   BANK2   BANK3   BANK4   BANK5   BANK6   BANK7
      Params:         3       0       0       0       0       0       0       0       0
      Locals:         2       0       0       0       0       0       0       0       0
      Temps:          0       0       0       0       0       0       0       0       0
      Totals:         5       0       0       0       0       0       0       0       0
Total ram usage:        5 bytes
 Hardware stack levels used:    1
 Hardware stack levels required when called:    1
 This function calls:
		_Lcd_Chr_CP
		_Lcd_Cmd
 This function is called by:
		_DS1307
		_dia_semana
		_main
 This function uses a non-reentrant model


 *************** function _Lcd_Cmd *****************
 Defined at:
		line 150 in file "flex_lcd.h"
 Parameters:    Size  Location     Type
  data            1    wreg     unsigned char 
 Auto vars:     Size  Location     Type
  data            1    2[COMRAM] unsigned char 
 Return value:  Size  Location     Type
                  1    wreg      void 
 Registers used:
		wreg, status,2, status,0
 Tracked objects:
		On entry : 
		On exit  : 
		Unchanged: 
 Data sizes:     COMRAM   BANK0   BANK1   BANK2   BANK3   BANK4   BANK5   BANK6   BANK7
      Params:         0       0       0       0       0       0       0       0       0
      Locals:         1       0       0       0       0       0       0       0       0
      Temps:          2       0       0       0       0       0       0       0       0
      Totals:         3       0       0       0       0       0       0       0       0
Total ram usage:        3 bytes
 Hardware stack levels used:    1
 This function calls:
		Nothing
 This function is called by:
		_Lcd_Init
		_Lcd_Out2
		_main
		_Leer_Pulsador
 This function uses a non-reentrant model


 *************** function _Lcd_Chr_CP *****************
 Defined at:
		line 136 in file "flex_lcd.h"
 Parameters:    Size  Location     Type
  data            1    wreg     unsigned char 
 Auto vars:     Size  Location     Type
  data            1    2[COMRAM] unsigned char 
 Return value:  Size  Location     Type
                  1    wreg      void 
 Registers used:
		wreg, status,2, status,0
 Tracked objects:
		On entry : 
		On exit  : 
		Unchanged: 
 Data sizes:     COMRAM   BANK0   BANK1   BANK2   BANK3   BANK4   BANK5   BANK6   BANK7
      Params:         0       0       0       0       0       0       0       0       0
      Locals:         1       0       0       0       0       0       0       0       0
      Temps:          2       0       0       0       0       0       0       0       0
      Totals:         3       0       0       0       0       0       0       0       0
Total ram usage:        3 bytes
 Hardware stack levels used:    1
 This function calls:
		Nothing
 This function is called by:
		_Lcd_Out2
 This function uses a non-reentrant model


 *************** function ___lwmod *****************
 Defined at:
		line 8 in file "C:\Program Files (x86)\Microchip\xc8\v1.45\sources\common\lwmod.c"
 Parameters:    Size  Location     Type
  dividend        2    7[COMRAM] unsigned int 
  divisor         2    9[COMRAM] unsigned int 
 Auto vars:     Size  Location     Type
  counter         1   11[COMRAM] unsigned char 
 Return value:  Size  Location     Type
                  2    7[COMRAM] unsigned int 
 Registers used:
		wreg, status,2, status,0
 Tracked objects:
		On entry : 
		On exit  : 
		Unchanged: 
 Data sizes:     COMRAM   BANK0   BANK1   BANK2   BANK3   BANK4   BANK5   BANK6   BANK7
      Params:         4       0       0       0       0       0       0       0       0
      Locals:         1       0       0       0       0       0       0       0       0
      Temps:          0       0       0       0       0       0       0       0       0
      Totals:         5       0       0       0       0       0       0       0       0
Total ram usage:        5 bytes
 Hardware stack levels used:    1
 This function calls:
		Nothing
 This function is called by:
		_DS1307
 This function uses a non-reentrant model


 *************** function ___lwdiv *****************
 Defined at:
		line 8 in file "C:\Program Files (x86)\Microchip\xc8\v1.45\sources\common\lwdiv.c"
 Parameters:    Size  Location     Type
  dividend        2    0[COMRAM] unsigned int 
  divisor         2    2[COMRAM] unsigned int 
 Auto vars:     Size  Location     Type
  quotient        2    4[COMRAM] unsigned int 
  counter         1    6[COMRAM] unsigned char 
 Return value:  Size  Location     Type
                  2    0[COMRAM] unsigned int 
 Registers used:
		wreg, status,2, status,0
 Tracked objects:
		On entry : 
		On exit  : 
		Unchanged: 
 Data sizes:     COMRAM   BANK0   BANK1   BANK2   BANK3   BANK4   BANK5   BANK6   BANK7
      Params:         4       0       0       0       0       0       0       0       0
      Locals:         3       0       0       0       0       0       0       0       0
      Temps:          0       0       0       0       0       0       0       0       0
      Totals:         7       0       0       0       0       0       0       0       0
Total ram usage:        7 bytes
 Hardware stack levels used:    1
 This function calls:
		Nothing
 This function is called by:
		_DS1307
 This function uses a non-reentrant model


 *************** function _BCD2Dec *****************
 Defined at:
		line 150 in file "I2C_DS1307.h"
 Parameters:    Size  Location     Type
  Temp_3          2    6[COMRAM] short 
 Auto vars:     Size  Location     Type
  Temp_2          2   13[COMRAM] short 
  Temp_1          2   11[COMRAM] short 
 Return value:  Size  Location     Type
                  2    6[COMRAM] unsigned short 
 Registers used:
		wreg, status,2, status,0, prodl, prodh, cstack
 Tracked objects:
		On entry : 
		On exit  : 
		Unchanged: 
 Data sizes:     COMRAM   BANK0   BANK1   BANK2   BANK3   BANK4   BANK5   BANK6   BANK7
      Params:         2       0       0       0       0       0       0       0       0
      Locals:         4       0       0       0       0       0       0       0       0
      Temps:          3       0       0       0       0       0       0       0       0
      Totals:         9       0       0       0       0       0       0       0       0
Total ram usage:        9 bytes
 Hardware stack levels used:    1
 Hardware stack levels required when called:    1
 This function calls:
		___wmul
 This function is called by:
		_DS1307
 This function uses a non-reentrant model


 *************** function ___wmul *****************
 Defined at:
		line 15 in file "C:\Program Files (x86)\Microchip\xc8\v1.45\sources\common\Umul16.c"
 Parameters:    Size  Location     Type
  multiplier      2    0[COMRAM] unsigned int 
  multiplicand    2    2[COMRAM] unsigned int 
 Auto vars:     Size  Location     Type
  product         2    4[COMRAM] unsigned int 
 Return value:  Size  Location     Type
                  2    0[COMRAM] unsigned int 
 Registers used:
		wreg, status,2, status,0, prodl, prodh
 Tracked objects:
		On entry : 
		On exit  : 
		Unchanged: 
 Data sizes:     COMRAM   BANK0   BANK1   BANK2   BANK3   BANK4   BANK5   BANK6   BANK7
      Params:         4       0       0       0       0       0       0       0       0
      Locals:         2       0       0       0       0       0       0       0       0
      Temps:          0       0       0       0       0       0       0       0       0
      Totals:         6       0       0       0       0       0       0       0       0
Total ram usage:        6 bytes
 Hardware stack levels used:    1
 This function calls:
		Nothing
 This function is called by:
		_BCD2Dec
 This function uses a non-reentrant model



MODULE INFORMATION

Module		Function		Class		Link	Load	Size
C:\Program Files (x86)\Microchip\xc8\v1.45\sources\common\Umul16.c
		___wmul        		CODE           	1544	0000	39

C:\Program Files (x86)\Microchip\xc8\v1.45\sources\common\Umul16.c estimated size: 39

C:\Program Files (x86)\Microchip\xc8\v1.45\sources\pic18\plib\USART\uopen.c
		_OpenUSART     		CODE           	1370	0000	91

C:\Program Files (x86)\Microchip\xc8\v1.45\sources\pic18\plib\USART\uopen.c estimated size: 91

C:\Program Files (x86)\Microchip\xc8\v1.45\sources\pic18\plib\USART\uwrite.c
		_WriteUSART    		CODE           	15B4	0000	19

C:\Program Files (x86)\Microchip\xc8\v1.45\sources\pic18\plib\USART\uwrite.c estimated size: 19

C:\Program Files (x86)\Microchip\xc8\v1.45\sources\common\lwmod.c
		___lwmod       		CODE           	14A6	0000	63

C:\Program Files (x86)\Microchip\xc8\v1.45\sources\common\lwmod.c estimated size: 63

C:\Program Files (x86)\Microchip\xc8\v1.45\sources\common\awmod.c
		___awmod       		CODE           	124A	0000	105

C:\Program Files (x86)\Microchip\xc8\v1.45\sources\common\awmod.c estimated size: 105

flex_lcd.h
		_Lcd_Init      		CODE           	0BA6	0000	241
		_Lcd_Out2      		CODE           	1156	0000	99
		_Lcd_Chr_CP    		CODE           	0CAA	0000	159
		_Lcd_Cmd       		CODE           	0DA2	0000	151

flex_lcd.h estimated size: 650

C:\Program Files (x86)\Microchip\xc8\v1.45\sources\pic18\plib\i2c\i2c_open.c
		_OpenI2C       		CODE           	156A	0000	27

C:\Program Files (x86)\Microchip\xc8\v1.45\sources\pic18\plib\i2c\i2c_open.c estimated size: 27

shared
		PL12           		CODE           	0E38	0000	25
		PL50           		CODE           	0B7E	0000	13
		PL8            		CODE           	0B6C	0000	11
		PL22           		CODE           	0E50	0000	11
		PL32           		CODE           	0B76	0000	9
		PL42           		CODE           	0E88	0000	11
		PL14           		CODE           	0D48	0000	25
		PL52           		CODE           	0B8A	0000	11
		PL24           		CODE           	0D78	0000	15
		PL34           		CODE           	0D86	0000	19
		PL44           		CODE           	11C4	0000	15
		PL16           		CODE           	0D60	0000	11
		PL54           		CODE           	0B94	0000	11
		_Baud_USART    		SMALLCONST     	0000	0000	0
		PL26           		CODE           	0E5A	0000	15
		PL36           		CODE           	0E76	0000	19
		PL46           		CODE           	0C96	0000	11
		PL18           		CODE           	0D6A	0000	15
		PL56           		CODE           	0B9E	0000	9
		PL28           		CODE           	0E68	0000	15
		PL38           		CODE           	1146	0000	17
		PL48           		CODE           	0CA0	0000	11
		__initialization		CODE           	159E	0000	13
		_Bit_Rate_I2C  		SMALLCONST     	0000	0000	0
		PL2            		CODE           	0B5C	0000	17
		PL10           		CODE           	100C	0000	11
		PL4            		CODE           	10BE	0000	13
		PL20           		CODE           	11B8	0000	13
		PL30           		CODE           	0F50	0000	13
		PL6            		CODE           	1002	0000	11
		PL40           		CODE           	0D98	0000	11

shared estimated size: 401

C:\Program Files (x86)\Microchip\xc8\v1.45\sources\pic18\plib\i2c\i2c_writ.c
		_WriteI2C      		CODE           	1462	0000	69

C:\Program Files (x86)\Microchip\xc8\v1.45\sources\pic18\plib\i2c\i2c_writ.c estimated size: 69

C:\Program Files (x86)\Microchip\xc8\v1.45\sources\pic18\plib\USART\uputs.c
		_putsUSART     		CODE           	13CA	0000	79

C:\Program Files (x86)\Microchip\xc8\v1.45\sources\pic18\plib\USART\uputs.c estimated size: 79

C:\Program Files (x86)\Microchip\xc8\v1.45\sources\common\lwdiv.c
		___lwdiv       		CODE           	1418	0000	75

C:\Program Files (x86)\Microchip\xc8\v1.45\sources\common\lwdiv.c estimated size: 75

C:\Program Files (x86)\Microchip\xc8\v1.45\sources\common\awdiv.c
		___awdiv       		CODE           	11D2	0000	121

C:\Program Files (x86)\Microchip\xc8\v1.45\sources\common\awdiv.c estimated size: 121

C:\Program Files (x86)\Microchip\xc8\v1.45\sources\pic18\plib\i2c\i2c_read.c
		_ReadI2C       		CODE           	1584	0000	27

C:\Program Files (x86)\Microchip\xc8\v1.45\sources\pic18\plib\i2c\i2c_read.c estimated size: 27

I2C_DS1307.h
		_DS1307        		CODE           	0892	0000	715
		_dia_semana    		CODE           	1016	0000	169
		_leer_DS1307   		CODE           	1314	0000	93
		_Dec2BCD       		CODE           	10CA	0000	125
		_set_time_DS1307		CODE           	0F5C	0000	167
		_escribir_DS1307		CODE           	1518	0000	45
		_BCD2Dec       		CODE           	12B2	0000	99

I2C_DS1307.h estimated size: 1413

main.c
		_main          		CODE           	0E92	0000	191
		_Leer_Pulsador 		CODE           	14E4	0000	53

main.c estimated size: 244

C:\Program Files (x86)\Microchip\xc8\v1.45\sources\pic18\plib\i2c\i2c_idle.c
		_IdleI2C       		CODE           	15C6	0000	17

C:\Program Files (x86)\Microchip\xc8\v1.45\sources\pic18\plib\i2c\i2c_idle.c estimated size: 17

